# name: TagsTestCase.test_backfill_primary_dashboard
  '
  
  SELECT c.relname,
         CASE
             WHEN c.relispartition THEN 'p'
             WHEN c.relkind IN ('m',
                                'v') THEN 'v'
             ELSE 't'
         END
  FROM pg_catalog.pg_class c
  LEFT JOIN pg_catalog.pg_namespace n ON n.oid = c.relnamespace
  WHERE c.relkind IN ('f',
                      'm',
                      'p',
                      'r',
                      'v')
    AND n.nspname NOT IN ('pg_catalog',
                          'pg_toast')
    AND pg_catalog.pg_table_is_visible(c.oid)
  '
---
# name: TagsTestCase.test_backfill_primary_dashboard.1
  '
  
  SELECT analytickit_team.id,
         COALESCE(MIN(CASE
                          WHEN analytickit_dashboard.pinned THEN analytickit_dashboard.id
                          ELSE NULL
                      END), MIN(CASE
                                    WHEN NOT analytickit_dashboard.pinned THEN analytickit_dashboard.id
                                    ELSE NULL
                                END)) AS primary_dashboard_id
  FROM analytickit_team
  INNER JOIN analytickit_dashboard ON analytickit_dashboard.team_id = analytickit_team.id
  WHERE analytickit_team.primary_dashboard_id IS NULL
  GROUP BY analytickit_team.id
  '
---
# name: TagsTestCase.test_backfill_primary_dashboard.2
  '
  SELECT "analytickit_team"."id",
         "analytickit_team"."primary_dashboard_id"
  FROM "analytickit_team"
  WHERE "analytickit_team"."id" IN (1,
                                2,
                                3,
                                4,
                                5 /* ... */)
  '
---
# name: TagsTestCase.test_backfill_primary_dashboard.3
  '
  SELECT "analytickit_team"."id",
         "analytickit_team"."primary_dashboard_id"
  FROM "analytickit_team"
  WHERE "analytickit_team"."id" IN (1,
                                2,
                                3,
                                4,
                                5 /* ... */)
  '
---
# name: TagsTestCase.test_backfill_primary_dashboard.4
  '
  
  SELECT c.relname,
         CASE
             WHEN c.relispartition THEN 'p'
             WHEN c.relkind IN ('m',
                                'v') THEN 'v'
             ELSE 't'
         END
  FROM pg_catalog.pg_class c
  LEFT JOIN pg_catalog.pg_namespace n ON n.oid = c.relnamespace
  WHERE c.relkind IN ('f',
                      'm',
                      'p',
                      'r',
                      'v')
    AND n.nspname NOT IN ('pg_catalog',
                          'pg_toast')
    AND pg_catalog.pg_table_is_visible(c.oid)
  '
---
# name: TagsTestCase.test_backfill_primary_dashboard.5
  '
  
  SELECT c.relname,
         CASE
             WHEN c.relispartition THEN 'p'
             WHEN c.relkind IN ('m',
                                'v') THEN 'v'
             ELSE 't'
         END
  FROM pg_catalog.pg_class c
  LEFT JOIN pg_catalog.pg_namespace n ON n.oid = c.relnamespace
  WHERE c.relkind IN ('f',
                      'm',
                      'p',
                      'r',
                      'v')
    AND n.nspname NOT IN ('pg_catalog',
                          'pg_toast')
    AND pg_catalog.pg_table_is_visible(c.oid)
  '
---
# name: TagsTestCase.test_backfill_primary_dashboard.6
  '
  SELECT "django_migrations"."id",
         "django_migrations"."app",
         "django_migrations"."name",
         "django_migrations"."applied"
  FROM "django_migrations"
  '
---
